== M9 on 22 coins: yield assumption ==
     M9 yield 0%                                        CAGR  26.9%  maxDD  -23%  Sharpe 1.22  worst mo   -7.8%  yrs+ 8/9  deployed  25%  2026ytd +0%  DD 2024-08-05..2024-11-06  | 18:+21 19:+35 20:+25 21:+72 22:+15 23:+37 24:+45 25:-1 26:+0
     M9 yield 2%                                        CAGR  28.8%  maxDD  -23%  Sharpe 1.29  worst mo   -7.7%  yrs+ 9/9  deployed  25%  2026ytd +1%  DD 2024-08-05..2024-11-06  | 18:+23 19:+37 20:+27 21:+75 22:+17 23:+39 24:+48 25:+0 26:+1
     M9 yield 4%                                        CAGR  30.7%  maxDD  -22%  Sharpe 1.36  worst mo   -7.6%  yrs+ 9/9  deployed  25%  2026ytd +2%  DD 2024-08-05..2024-11-06  | 18:+25 19:+39 20:+29 21:+78 22:+19 23:+40 24:+50 25:+2 26:+2
== M9 on 22 coins: round-trip cost ==
     M9 cost 0.06%                                      CAGR  33.7%  maxDD  -22%  Sharpe 1.47  worst mo   -7.3%  yrs+ 9/9  deployed  25%  2026ytd +4%  DD 2024-08-05..2024-11-06  | 18:+27 19:+41 20:+32 21:+82 22:+21 23:+45 24:+53 25:+4 26:+4
     M9 cost 0.15%                                      CAGR  30.7%  maxDD  -22%  Sharpe 1.36  worst mo   -7.6%  yrs+ 9/9  deployed  25%  2026ytd +2%  DD 2024-08-05..2024-11-06  | 18:+25 19:+39 20:+29 21:+78 22:+19 23:+40 24:+50 25:+2 26:+2
     M9 cost 0.30%                                      CAGR  25.6%  maxDD  -23%  Sharpe 1.17  worst mo   -8.2%  yrs+ 7/9  deployed  25%  2026ytd -2%  DD 2024-08-05..2024-11-06  | 18:+23 19:+35 20:+24 21:+71 22:+15 23:+33 24:+42 25:-3 26:-2
== M9 on 22 coins: execution delay ==
     M9 delay 0h                                        CAGR  30.7%  maxDD  -22%  Sharpe 1.36  worst mo   -7.6%  yrs+ 9/9  deployed  25%  2026ytd +2%  DD 2024-08-05..2024-11-06  | 18:+25 19:+39 20:+29 21:+78 22:+19 23:+40 24:+50 25:+2 26:+2
     M9 delay 1h                                        CAGR  30.2%  maxDD  -24%  Sharpe 1.35  worst mo   -8.8%  yrs+ 8/9  deployed  25%  2026ytd +1%  DD 2024-07-05..2024-11-06  | 18:+27 19:+40 20:+30 21:+74 22:+15 23:+46 24:+48 25:-1 26:+1
     M9 delay 2h                                        CAGR  30.4%  maxDD  -24%  Sharpe 1.35  worst mo   -9.1%  yrs+ 9/9  deployed  25%  2026ytd +2%  DD 2024-08-05..2024-11-06  | 18:+25 19:+42 20:+30 21:+75 22:+12 23:+45 24:+48 25:+2 26:+2
== M9 on 22 coins: mix plateau (trend vol target x dip slots) ==
     vt25 K=15                                          CAGR  30.7%  maxDD  -21%  Sharpe 1.38  worst mo   -8.5%  yrs+ 9/9  deployed  23%  2026ytd +1%  DD 2021-02-22..2021-02-23  | 18:+23 19:+37 20:+29 21:+83 22:+15 23:+42 24:+51 25:+4 26:+1
     vt25 K=20                                          CAGR  29.0%  maxDD  -20%  Sharpe 1.43  worst mo   -7.1%  yrs+ 9/9  deployed  22%  2026ytd +1%  DD 2024-08-05..2024-11-06  | 18:+22 19:+34 20:+26 21:+71 22:+17 23:+41 24:+50 25:+4 26:+1
     vt25 K=25                                          CAGR  27.1%  maxDD  -19%  Sharpe 1.43  worst mo   -6.5%  yrs+ 9/9  deployed  21%  2026ytd +2%  DD 2024-08-05..2024-11-06  | 18:+22 19:+33 20:+25 21:+62 22:+17 23:+37 24:+47 25:+2 26:+2
     vt30 K=15                                          CAGR  31.8%  maxDD  -23%  Sharpe 1.31  worst mo   -8.6%  yrs+ 9/9  deployed  26%  2026ytd +1%  DD 2024-08-05..2024-11-06  | 18:+26 19:+41 20:+32 21:+85 22:+17 23:+39 24:+53 25:+2 26:+1
     vt30 K=20                                          CAGR  30.7%  maxDD  -22%  Sharpe 1.36  worst mo   -7.6%  yrs+ 9/9  deployed  25%  2026ytd +2%  DD 2024-08-05..2024-11-06  | 18:+25 19:+39 20:+29 21:+78 22:+19 23:+40 24:+50 25:+2 26:+2
     vt30 K=25                                          CAGR  29.1%  maxDD  -22%  Sharpe 1.36  worst mo   -7.3%  yrs+ 9/9  deployed  25%  2026ytd +2%  DD 2024-08-05..2024-11-06  | 18:+25 19:+37 20:+27 21:+68 22:+19 23:+39 24:+48 25:+1 26:+2
     vt35 K=15                                          CAGR  33.6%  maxDD  -26%  Sharpe 1.26  worst mo   -9.2%  yrs+ 8/9  deployed  30%  2026ytd +1%  DD 2024-08-05..2024-11-06  | 18:+29 19:+46 20:+33 21:+91 22:+18 23:+42 24:+54 25:-1 26:+1
     vt35 K=20                                          CAGR  32.5%  maxDD  -25%  Sharpe 1.30  worst mo   -8.2%  yrs+ 8/9  deployed  29%  2026ytd +2%  DD 2024-08-05..2024-11-06  | 18:+29 19:+43 20:+31 21:+84 22:+20 23:+43 24:+50 25:-1 26:+2
     vt35 K=25                                          CAGR  31.0%  maxDD  -25%  Sharpe 1.29  worst mo   -8.1%  yrs+ 8/9  deployed  28%  2026ytd +3%  DD 2024-08-05..2024-11-06  | 18:+28 19:+42 20:+30 21:+74 22:+21 23:+38 24:+50 25:-1 26:+3
== 16 coins never used in any selection (ZRX ... AXS), same fixed configs ==
coins: ['ZRX-USD', 'BAT-USD', 'ZEC-USD', 'EOS-USD', 'DASH-USD', 'OMG-USD', 'KNC-USD', 'COMP-USD', 'MKR-USD', 'SNX-USD', 'YFI-USD', 'GRT-USD']
     M9 vt30 K=20 long-only                             CAGR  18.1%  maxDD  -21%  Sharpe 0.98  worst mo   -9.5%  yrs+ 8/9  deployed  21%  2026ytd +5%  DD 2024-12-07..2025-09-20  | 18:-2 19:+15 20:+16 21:+38 22:+12 23:+27 24:+37 25:+3 26:+5
     M10 vt30 K=15 long-only                            CAGR  20.7%  maxDD  -22%  Sharpe 1.02  worst mo  -12.2%  yrs+ 8/9  deployed  21%  2026ytd +4%  DD 2024-12-07..2025-09-20  | 18:-2 19:+16 20:+18 21:+45 22:+13 23:+33 24:+40 25:+4 26:+4
     R3 vt30 only                                       CAGR  10.0%  maxDD  -21%  Sharpe 0.69  worst mo   -6.3%  yrs+ 7/9  deployed  19%  2026ytd +7%  DD 2025-02-03..2025-09-20  | 18:-2 19:+12 20:+9 21:+15 22:+8 23:+9 24:+25 25:-2 26:+7
     B* K=20 long-only only                             CAGR  12.0%  maxDD  -11%  Sharpe 1.48  worst mo   -7.5%  yrs+ 9/9  deployed   2%  2026ytd +1%  DD 2021-08-30..2021-09-08  | 18:+1 19:+7 20:+11 21:+25 22:+8 23:+21 24:+14 25:+9 26:+1
     buy&hold-ish: R3 vt99 long-only                    CAGR   6.4%  maxDD  -60%  Sharpe 0.38  worst mo  -19.5%  yrs+ 6/9  deployed  58%  2026ytd +10%  DD 2021-06-22..2023-04-26  | 18:-15 19:+15 20:+1 21:+30 22:-16 23:+1 24:+56 25:-12 26:+10
FC DONE
