
##### BTC-USD  OUT-OF-SAMPLE 2025-09-19..2026-06-21  (274 days, 627 events)
   off-hours, non-macro (RULE)  N=266 15m -0.018% (hit 53%, t=-0.5)  30m +0.003% (hit 57%, t=+0.1)  60m +0.004% (hit 52%, t=+0.1)  120m -0.000% (hit 50%, t=-0.0)  240m -0.047% (hit 50%, t=-0.6)
   US hours / macro (excluded)  N=361 15m +0.020% (hit 57%, t=+0.8)  30m -0.013% (hit 55%, t=-0.3)  60m -0.010% (hit 52%, t=-0.2)  120m +0.026% (hit 55%, t=+0.4)  240m -0.007% (hit 53%, t=-0.1)
   all events                   N=627 15m +0.004% (hit 55%, t=+0.2)  30m -0.006% (hit 56%, t=-0.2)  60m -0.004% (hit 52%, t=-0.1)  120m +0.015% (hit 53%, t=+0.3)  240m -0.024% (hit 52%, t=-0.5)
   RULE 120m: net/trade @0.04% fees -0.040%, @0.10% -0.100%; sd 1.01%; p10 -1.06% p90 +1.06% worst -3.13%
   RULE 120m by month: 2025-09: +0.02% (N=9)  2025-10: -0.19% (N=21)  2025-11: -0.06% (N=25)  2025-12: -0.15% (N=27)  2026-01: -0.23% (N=34)  2026-02: +0.62% (N=26)  2026-03: -0.06% (N=38)  2026-04: -0.10% (N=30)  2026-05: -0.03% (N=36)  2026-06: +0.39% (N=20)
   RULE by direction 120m: buy-the-drop N=124 +0.063%   sell-the-spike N=142 -0.055%

##### BTC-USD  IN-SAMPLE 2026-06-21..2026-09-19  (90 days, 211 events)
   off-hours, non-macro (RULE)  N=94  15m +0.050% (hit 66%, t=+1.6)  30m +0.063% (hit 61%, t=+1.5)  60m +0.068% (hit 60%, t=+1.2)  120m +0.134% (hit 60%, t=+1.7)  240m +0.187% (hit 52%, t=+1.9)
   US hours / macro (excluded)  N=117 15m -0.057% (hit 52%, t=-1.2)  30m -0.045% (hit 45%, t=-0.8)  60m -0.019% (hit 50%, t=-0.3)  120m +0.004% (hit 50%, t=+0.0)  240m -0.086% (hit 54%, t=-0.8)
   all events                   N=211 15m -0.009% (hit 58%, t=-0.3)  30m +0.003% (hit 52%, t=+0.1)  60m +0.020% (hit 55%, t=+0.4)  120m +0.062% (hit 54%, t=+1.0)  240m +0.036% (hit 53%, t=+0.5)
   RULE 120m: net/trade @0.04% fees +0.094%, @0.10% +0.034%; sd 0.76%; p10 -0.76% p90 +1.08% worst -1.62%
   RULE 120m by month: 2026-06: +1.02% (N=10)  2026-07: +0.08% (N=36)  2026-08: -0.04% (N=38)  2026-09: +0.10% (N=10)
   RULE by direction 120m: buy-the-drop N=40 +0.121%   sell-the-spike N=54 +0.144%

##### ETH-USD  OUT-OF-SAMPLE 2025-09-19..2026-06-21  (274 days, 710 events)
   off-hours, non-macro (RULE)  N=308 15m -0.081% (hit 54%, t=-2.0)  30m -0.020% (hit 55%, t=-0.4)  60m -0.038% (hit 53%, t=-0.6)  120m -0.065% (hit 50%, t=-0.8)  240m -0.126% (hit 48%, t=-1.3)
   US hours / macro (excluded)  N=402 15m +0.055% (hit 59%, t=+1.5)  30m +0.017% (hit 56%, t=+0.4)  60m -0.007% (hit 53%, t=-0.1)  120m -0.010% (hit 57%, t=-0.1)  240m +0.036% (hit 53%, t=+0.4)
   all events                   N=710 15m -0.004% (hit 57%, t=-0.2)  30m +0.001% (hit 56%, t=+0.0)  60m -0.020% (hit 53%, t=-0.5)  120m -0.034% (hit 54%, t=-0.6)  240m -0.034% (hit 51%, t=-0.5)
   RULE 120m: net/trade @0.04% fees -0.105%, @0.10% -0.165%; sd 1.40%; p10 -1.64% p90 +1.46% worst -5.53%
   RULE 120m by month: 2025-09: -0.25% (N=11)  2025-10: +0.08% (N=31)  2025-11: +0.11% (N=38)  2025-12: -0.36% (N=27)  2026-01: -0.20% (N=38)  2026-02: +0.83% (N=27)  2026-03: -0.27% (N=41)  2026-04: -0.37% (N=39)  2026-05: -0.19% (N=32)  2026-06: +0.09% (N=24)
   RULE by direction 120m: buy-the-drop N=153 -0.011%   sell-the-spike N=155 -0.119%

##### ETH-USD  IN-SAMPLE 2026-06-21..2026-09-19  (90 days, 228 events)
   off-hours, non-macro (RULE)  N=109 15m +0.070% (hit 63%, t=+1.7)  30m +0.091% (hit 63%, t=+1.8)  60m +0.139% (hit 65%, t=+2.2)  120m +0.232% (hit 64%, t=+3.0)  240m +0.279% (hit 61%, t=+2.7)
   US hours / macro (excluded)  N=119 15m -0.113% (hit 57%, t=-1.6)  30m -0.140% (hit 48%, t=-1.7)  60m -0.094% (hit 53%, t=-0.9)  120m -0.046% (hit 50%, t=-0.4)  240m -0.186% (hit 46%, t=-1.2)
   all events                   N=228 15m -0.026% (hit 60%, t=-0.6)  30m -0.030% (hit 55%, t=-0.6)  60m +0.017% (hit 59%, t=+0.3)  120m +0.087% (hit 57%, t=+1.1)  240m +0.036% (hit 53%, t=+0.4)
   RULE 120m: net/trade @0.04% fees +0.192%, @0.10% +0.132%; sd 0.81%; p10 -0.75% p90 +1.17% worst -2.20%
   RULE 120m by month: 2026-06: +0.64% (N=12)  2026-07: +0.26% (N=37)  2026-08: +0.10% (N=41)  2026-09: +0.20% (N=19)
   RULE by direction 120m: buy-the-drop N=48 +0.125%   sell-the-spike N=61 +0.316%
