panel: 38 coins, 2016-12-20 .. 2026-09-19
PASS bar: CAGR>=30%, maxDD>=-25%, Sharpe>=1.5, worst month>=-10%, years+>=8/9, no leverage

     B* K=10 L/S + yield (ref)                          CAGR  23.5%  maxDD  -41%  Sharpe 0.82  worst mo  -16.7%  yrs+ 8/9  deployed  19%  2026ytd -32%  DD 2024-03-15..2024-11-13  | 18:+25 19:+25 20:+35 21:+119 22:+1 23:+29 24:+18 25:+30 26:-32
     B* K=10 long-only + yield                          CAGR  26.8%  maxDD  -25%  Sharpe 1.11  worst mo  -17.5%  yrs+ 7/9  deployed   9%  2026ytd -8%  DD 2021-02-22..2021-02-23  | 18:+6 19:+22 20:+37 21:+118 22:-12 23:+46 24:+54 25:+14 26:-8
     B* K=10 long-only, max 3 new/day + yield           CAGR  13.7%  maxDD  -17%  Sharpe 0.96  worst mo   -7.4%  yrs+ 7/9  deployed   6%  2026ytd -6%  DD 2020-11-25..2021-01-22  | 18:+5 19:+13 20:+19 21:+41 22:-2 23:+21 24:+33 25:+5 26:-6
     R3 L/S vt40 + yield (ref)                          CAGR  19.5%  maxDD  -23%  Sharpe 0.94  worst mo   -7.3%  yrs+ 8/9  deployed  27%  2026ytd +5%  DD 2024-08-05..2024-11-06  | 18:+26 19:+36 20:+17 21:+33 22:+19 23:+19 24:+26 25:-5 26:+5
     R3 L/S vt60 + yield                                CAGR  24.7%  maxDD  -32%  Sharpe 0.86  worst mo  -10.9%  yrs+ 8/9  deployed  39%  2026ytd +3%  DD 2025-02-03..2025-10-13  | 18:+35 19:+51 20:+22 21:+48 22:+24 23:+21 24:+34 25:-11 26:+3
     R3 L/S vt80 + yield                                CAGR  26.4%  maxDD  -41%  Sharpe 0.79  worst mo  -14.0%  yrs+ 8/9  deployed  48%  2026ytd +1%  DD 2025-02-03..2025-10-13  | 18:+36 19:+58 20:+23 21:+64 22:+25 23:+20 24:+41 25:-17 26:+1
     M1 R3 vt40 + B* long-only K=10 + yield             CAGR  38.7%  maxDD  -30%  Sharpe 1.19  worst mo  -15.1%  yrs+ 7/9  deployed  35%  2026ytd -7%  DD 2024-03-15..2024-11-06  | 18:+29 19:+58 20:+55 21:+149 22:-1 23:+49 24:+56 25:+4 26:-7
     M2 R3 vt60 + B* long-only K=10 + yield             CAGR  41.4%  maxDD  -36%  Sharpe 1.09  worst mo  -12.5%  yrs+ 7/9  deployed  47%  2026ytd -5%  DD 2024-08-05..2024-11-06  | 18:+38 19:+74 20:+59 21:+149 22:+5 23:+49 24:+57 25:-7 26:-5
     M3 R3 vt40 + B* long-only, max 3 new/day           CAGR  29.8%  maxDD  -30%  Sharpe 1.09  worst mo  -11.4%  yrs+ 7/9  deployed  33%  2026ytd -5%  DD 2024-03-13..2024-11-06  | 18:+28 19:+47 20:+33 21:+77 22:+12 23:+34 24:+60 25:-5 26:-5
     M4 R3 vt40 + B* L/S, max 3 new/day                 CAGR  27.1%  maxDD  -39%  Sharpe 0.91  worst mo  -11.0%  yrs+ 7/9  deployed  39%  2026ytd -25%  DD 2022-05-12..2022-11-10  | 18:+47 19:+52 20:+34 21:+84 22:-2 23:+26 24:+43 25:+11 26:-25
     M5 R3 vt60 + B* L/S K=10                           CAGR  36.8%  maxDD  -48%  Sharpe 0.93  worst mo  -13.7%  yrs+ 7/9  deployed  53%  2026ytd -27%  DD 2022-06-18..2022-11-10  | 18:+60 19:+83 20:+62 21:+133 22:-7 23:+30 24:+37 25:+16 26:-27
     M6 R3 vt40 + B* long-only K=20 (5% slots)          CAGR  33.2%  maxDD  -29%  Sharpe 1.16  worst mo  -10.4%  yrs+ 7/9  deployed  32%  2026ytd -1%  DD 2024-03-15..2024-11-06  | 18:+28 19:+47 20:+34 21:+99 22:+11 23:+41 24:+57 25:-0 26:-1
     M7 R3 vt60 + B* long-only K=10, port vol 25%       CAGR  36.7%  maxDD  -36%  Sharpe 1.13  worst mo  -13.7%  yrs+ 8/9  deployed  40%  2026ytd -8%  DD 2024-08-05..2024-11-06  | 18:+32 19:+66 20:+62 21:+110 22:+8 23:+39 24:+45 25:+3 26:-8
     M8 R3 vt40 + B* long-only K=10, port vol 20%       CAGR  33.0%  maxDD  -28%  Sharpe 1.23  worst mo  -12.8%  yrs+ 8/9  deployed  30%  2026ytd -7%  DD 2024-08-05..2024-11-06  | 18:+26 19:+53 20:+57 21:+92 22:+5 23:+37 24:+45 25:+8 26:-7
     M9 R3 vt30 + B* long-only K=20                     CAGR  31.4%  maxDD  -25%  Sharpe 1.25  worst mo   -9.4%  yrs+ 8/9  deployed  26%  2026ytd -1%  DD 2024-03-15..2024-11-06  | 18:+22 19:+39 20:+30 21:+91 22:+10 23:+43 24:+58 25:+4 26:-1
     M10 R3 vt30 + B* long-only K=15                    CAGR  32.3%  maxDD  -26%  Sharpe 1.21  worst mo  -12.1%  yrs+ 8/9  deployed  27%  2026ytd -3%  DD 2024-03-15..2024-11-06  | 18:+23 19:+43 20:+36 21:+105 22:+2 23:+42 24:+60 25:+4 26:-3
     M11 R3 vt40 + B* long-only K=20, port vol 20%      CAGR  31.5%  maxDD  -27%  Sharpe 1.26  worst mo   -9.5%  yrs+ 9/9  deployed  29%  2026ytd +0%  DD 2024-08-05..2024-11-06  | 18:+24 19:+45 20:+42 21:+77 22:+16 23:+38 24:+45 25:+2 26:+0
     M12 R3 vt50 + B* long-only K=20                    CAGR  34.7%  maxDD  -33%  Sharpe 1.09  worst mo  -11.9%  yrs+ 7/9  deployed  38%  2026ytd -2%  DD 2024-08-05..2024-11-06  | 18:+33 19:+56 20:+37 21:+105 22:+12 23:+39 24:+55 25:-3 26:-2
